../Drivers/CMSIS/Include/core_cm4.h:2064:26:ITM_SendChar	16	static,ignoring_inline_asm
../Core/Src/main.c:92:5:main	8	static
../Core/Src/main.c:149:6:SystemClock_Config	88	static
../Core/Src/main.c:203:13:MX_ADC1_Init	24	static
../Core/Src/main.c:336:13:MX_ADC2_Init	24	static
../Core/Src/main.c:407:13:MX_I2C1_Init	8	static
../Core/Src/main.c:441:13:MX_SPI3_Init	8	static
../Core/Src/main.c:479:13:MX_TIM2_Init	48	static
../Core/Src/main.c:532:13:MX_TIM3_Init	56	static
../Core/Src/main.c:581:13:MX_TIM6_Init	16	static
../Core/Src/main.c:619:13:MX_TIM7_Init	16	static
../Core/Src/main.c:657:13:MX_TIM8_Init	56	static
../Core/Src/main.c:707:13:MX_TIM10_Init	8	static
../Core/Src/main.c:738:13:MX_TIM13_Init	40	static
../Core/Src/main.c:782:13:MX_DMA_Init	16	static
../Core/Src/main.c:800:13:MX_GPIO_Init	48	static
../Core/Src/main.c:887:6:HAL_ADC_ConvCpltCallback	16	static
../Core/Src/main.c:891:6:HAL_TIM_PeriodElapsedCallback	16	static
../Core/Src/main.c:904:5:_write	32	static
../Core/Src/main.c:919:6:Error_Handler	4	static,ignoring_inline_asm
