22:38:32 **** Incremental Build of configuration Debug for project robotrace_v2_fanonly ****
make -j16 all 
arm-none-eabi-gcc "../Core/Src/control.c" -mcpu=cortex-m4 -std=gnu11 -g3 -DDEBUG -DUSE_HAL_DRIVER -DSTM32F446xx -c -I../Core/Inc -I../Drivers/STM32F4xx_HAL_Driver/Inc -I../Drivers/STM32F4xx_HAL_Driver/Inc/Legacy -I../Drivers/CMSIS/Device/ST/STM32F4xx/Include -I../Drivers/CMSIS/Include -I../FATFS/Target -I../FATFS/App -I../Middlewares/Third_Party/FatFs/src -O0 -ffunction-sections -fdata-sections -Wall -fstack-usage -fcyclomatic-complexity -MMD -MP -MF"Core/Src/control.d" -MT"Core/Src/control.o" --specs=nano.specs -mfpu=fpv4-sp-d16 -mfloat-abi=softfp -mthumb -o "Core/Src/control.o"
../Core/Src/control.c: In function 'initSystem':
../Core/Src/control.c:32:17: warning: unused variable 'rawData' [-Wunused-variable]
   32 |         uint8_t rawData[6];
      |                 ^~~~~~~
arm-none-eabi-gcc -o "robotrace_v2_fanonly.elf" @"objects.list"  -lm -mcpu=cortex-m4 -T"D:\robotrace_v2\robotrace_v2_fanonly\STM32F446RETX_FLASH.ld" --specs=nosys.specs -Wl,-Map="robotrace_v2_fanonly.map" -Wl,--gc-sections -static --specs=nano.specs -mfpu=fpv4-sp-d16 -mfloat-abi=softfp -mthumb -u _printf_float -u _scanf_float -Wl,--start-group -lc -lm -Wl,--end-group
Finished building target: robotrace_v2_fanonly.elf
 
arm-none-eabi-size   robotrace_v2_fanonly.elf 
arm-none-eabi-objdump -h -S  robotrace_v2_fanonly.elf  > "robotrace_v2_fanonly.list"
   text	   data	    bss	    dec	    hex	filename
  46700	    500	   2964	  50164	   c3f4	robotrace_v2_fanonly.elf
Finished building: default.size.stdout
 
Finished building: robotrace_v2_fanonly.list
 

22:38:33 Build Finished. 0 errors, 1 warnings. (took 965ms)

